../Drivers/STM32F2xx_HAL_Driver/Src/stm32f2xx_hal_pcd.c:123:19:HAL_PCD_Init	80	static
../Drivers/STM32F2xx_HAL_Driver/Src/stm32f2xx_hal_pcd.c:235:19:HAL_PCD_DeInit	16	static
../Drivers/STM32F2xx_HAL_Driver/Src/stm32f2xx_hal_pcd.c:274:13:HAL_PCD_MspInit	16	static
../Drivers/STM32F2xx_HAL_Driver/Src/stm32f2xx_hal_pcd.c:289:13:HAL_PCD_MspDeInit	16	static
../Drivers/STM32F2xx_HAL_Driver/Src/stm32f2xx_hal_pcd.c:847:19:HAL_PCD_Start	16	static
../Drivers/STM32F2xx_HAL_Driver/Src/stm32f2xx_hal_pcd.c:862:19:HAL_PCD_Stop	16	static
../Drivers/STM32F2xx_HAL_Driver/Src/stm32f2xx_hal_pcd.c:881:6:HAL_PCD_IRQHandler	64	static
../Drivers/STM32F2xx_HAL_Driver/Src/stm32f2xx_hal_pcd.c:1301:6:HAL_PCD_WKUP_IRQHandler	24	static
../Drivers/STM32F2xx_HAL_Driver/Src/stm32f2xx_hal_pcd.c:1327:13:HAL_PCD_DataOutStageCallback	16	static
../Drivers/STM32F2xx_HAL_Driver/Src/stm32f2xx_hal_pcd.c:1344:13:HAL_PCD_DataInStageCallback	16	static
../Drivers/STM32F2xx_HAL_Driver/Src/stm32f2xx_hal_pcd.c:1359:13:HAL_PCD_SetupStageCallback	16	static
../Drivers/STM32F2xx_HAL_Driver/Src/stm32f2xx_hal_pcd.c:1374:13:HAL_PCD_SOFCallback	16	static
../Drivers/STM32F2xx_HAL_Driver/Src/stm32f2xx_hal_pcd.c:1389:13:HAL_PCD_ResetCallback	16	static
../Drivers/STM32F2xx_HAL_Driver/Src/stm32f2xx_hal_pcd.c:1404:13:HAL_PCD_SuspendCallback	16	static
../Drivers/STM32F2xx_HAL_Driver/Src/stm32f2xx_hal_pcd.c:1419:13:HAL_PCD_ResumeCallback	16	static
../Drivers/STM32F2xx_HAL_Driver/Src/stm32f2xx_hal_pcd.c:1435:13:HAL_PCD_ISOOUTIncompleteCallback	16	static
../Drivers/STM32F2xx_HAL_Driver/Src/stm32f2xx_hal_pcd.c:1452:13:HAL_PCD_ISOINIncompleteCallback	16	static
../Drivers/STM32F2xx_HAL_Driver/Src/stm32f2xx_hal_pcd.c:1468:13:HAL_PCD_ConnectCallback	16	static
../Drivers/STM32F2xx_HAL_Driver/Src/stm32f2xx_hal_pcd.c:1483:13:HAL_PCD_DisconnectCallback	16	static
../Drivers/STM32F2xx_HAL_Driver/Src/stm32f2xx_hal_pcd.c:1517:19:HAL_PCD_DevConnect	16	static
../Drivers/STM32F2xx_HAL_Driver/Src/stm32f2xx_hal_pcd.c:1531:19:HAL_PCD_DevDisconnect	16	static
../Drivers/STM32F2xx_HAL_Driver/Src/stm32f2xx_hal_pcd.c:1546:19:HAL_PCD_SetAddress	16	static
../Drivers/STM32F2xx_HAL_Driver/Src/stm32f2xx_hal_pcd.c:1563:19:HAL_PCD_EP_Open	24	static
../Drivers/STM32F2xx_HAL_Driver/Src/stm32f2xx_hal_pcd.c:1609:19:HAL_PCD_EP_Close	24	static
../Drivers/STM32F2xx_HAL_Driver/Src/stm32f2xx_hal_pcd.c:1640:19:HAL_PCD_EP_Receive	32	static
../Drivers/STM32F2xx_HAL_Driver/Src/stm32f2xx_hal_pcd.c:1669:10:HAL_PCD_EP_GetRxCount	16	static
../Drivers/STM32F2xx_HAL_Driver/Src/stm32f2xx_hal_pcd.c:1681:19:HAL_PCD_EP_Transmit	32	static
../Drivers/STM32F2xx_HAL_Driver/Src/stm32f2xx_hal_pcd.c:1710:19:HAL_PCD_EP_SetStall	24	static
../Drivers/STM32F2xx_HAL_Driver/Src/stm32f2xx_hal_pcd.c:1753:19:HAL_PCD_EP_ClrStall	24	static
../Drivers/STM32F2xx_HAL_Driver/Src/stm32f2xx_hal_pcd.c:1789:19:HAL_PCD_EP_Abort	24	static
../Drivers/STM32F2xx_HAL_Driver/Src/stm32f2xx_hal_pcd.c:1815:19:HAL_PCD_EP_Flush	16	static
../Drivers/STM32F2xx_HAL_Driver/Src/stm32f2xx_hal_pcd.c:1838:19:HAL_PCD_ActivateRemoteWakeup	16	static
../Drivers/STM32F2xx_HAL_Driver/Src/stm32f2xx_hal_pcd.c:1848:19:HAL_PCD_DeActivateRemoteWakeup	16	static
../Drivers/STM32F2xx_HAL_Driver/Src/stm32f2xx_hal_pcd.c:1877:18:HAL_PCD_GetState	16	static
../Drivers/STM32F2xx_HAL_Driver/Src/stm32f2xx_hal_pcd.c:1889:19:HAL_PCD_SetTestMode	24	static
../Drivers/STM32F2xx_HAL_Driver/Src/stm32f2xx_hal_pcd.c:1930:26:PCD_WriteEmptyTxFifo	48	static
../Drivers/STM32F2xx_HAL_Driver/Src/stm32f2xx_hal_pcd.c:1990:26:PCD_EP_OutXfrComplete_int	40	static
../Drivers/STM32F2xx_HAL_Driver/Src/stm32f2xx_hal_pcd.c:2102:26:PCD_EP_OutSetupPacket_int	32	static
